// Vitest Snapshot v1, https://vitest.dev/guide/snapshot.html

exports[`snapshot 1`] = `
"

 ███╗   ██╗ ████████╗ ███╗   ██╗ ██╗   ██╗  ██████╗
 ████╗  ██║ ╚══██╔══╝ ████╗  ██║ ╚██╗ ██╔╝ ██╔═══██╗
 ██╔██╗ ██║    ██║    ██╔██╗ ██║  ╚████╔╝  ██║   ██║
 ██║╚██╗██║    ██║    ██║╚██╗██║   ╚██╔╝   ██║▄▄ ██║
 ██║ ╚████║    ██║    ██║ ╚████║    ██║    ╚██████╔╝
 ╚═╝  ╚═══╝    ╚═╝    ╚═╝  ╚═══╝    ╚═╝     ╚══▀▀═╝


Hello, this is ntnyq, an FE developer. (​https://ntnyq.com​)

❯ Website
  Twitter
  GitHub
  Bilibili
  Juejin
  Segment Fault
  Leave a message
  Quit

+--------------------------------------+
|                                      |
|          Copyright © ntnyq           |
|                                      |
+--------------------------------------+"
`;
